// Jest Snapshot v1, https://goo.gl/fbAQLP

exports[`SignUp should match the snapshot 1`] = `
ShallowWrapper {
  Symbol(enzyme.__root__): [Circular],
  Symbol(enzyme.__unrendered__): <SignUp />,
  Symbol(enzyme.__renderer__): Object {
    "batchedUpdates": [Function],
    "getNode": [Function],
    "render": [Function],
    "simulateError": [Function],
    "simulateEvent": [Function],
    "unmount": [Function],
  },
  Symbol(enzyme.__node__): Object {
    "instance": null,
    "key": undefined,
    "nodeType": "host",
    "props": Object {
      "children": Array [
        <div
          className="inner-container"
        >
          <article
            className="message-container"
          >
            <h1>
              Welcome To Action Flix!
            </h1>
            <h3
              className="popup-message"
            >
              Please Log In
            </h3>
          </article>
          <form
            onSubmit={[Function]}
          >
            
            <input
              className="email-input"
              name="email"
              onChange={[Function]}
              placeholder="Email address"
              value=""
            />
            <input
              name="password"
              onChange={[Function]}
              placeholder="Password"
              type="password"
              value=""
            />
            <button
              className="submit-sign-up"
              disabled={true}
              onClick={[Function]}
            >
              Sign In
            </button>
            <button
              className="signin-toggle"
              onClick={[Function]}
            >
              New user? Sign up!
            </button>
          </form>
        </div>,
        <div
          className="login-side-page"
        >
          <div
            className="side-page-text"
          >
            <h2
              className="login-page-title"
            >
              Action Flix
            </h2>
            <h3
              className="slogan"
            >
              Everything you need to know in one place.
            </h3>
            <p
              className="description"
            >
              All-inclusive access to action films. Track your favorite movies. Stay up-to-date with new movies.
            </p>
          </div>
          <div
            className="circles-container"
          >
            <div
              className="circle-five"
            />
            <div
              className="circle-six"
            />
            <div
              className="circle-two"
            />
            <div
              className="circle-one"
            />
            <div
              className="circle-four"
            />
            <div
              className="circle-three"
            />
            <div
              className="large-circle"
            />
          </div>
        </div>,
      ],
      "className": "form-container",
    },
    "ref": null,
    "rendered": Array [
      Object {
        "instance": null,
        "key": undefined,
        "nodeType": "host",
        "props": Object {
          "children": Array [
            <article
              className="message-container"
            >
              <h1>
                Welcome To Action Flix!
              </h1>
              <h3
                className="popup-message"
              >
                Please Log In
              </h3>
            </article>,
            <form
              onSubmit={[Function]}
            >
              
              <input
                className="email-input"
                name="email"
                onChange={[Function]}
                placeholder="Email address"
                value=""
              />
              <input
                name="password"
                onChange={[Function]}
                placeholder="Password"
                type="password"
                value=""
              />
              <button
                className="submit-sign-up"
                disabled={true}
                onClick={[Function]}
              >
                Sign In
              </button>
              <button
                className="signin-toggle"
                onClick={[Function]}
              >
                New user? Sign up!
              </button>
            </form>,
          ],
          "className": "inner-container",
        },
        "ref": null,
        "rendered": Array [
          Object {
            "instance": null,
            "key": undefined,
            "nodeType": "host",
            "props": Object {
              "children": Array [
                <h1>
                  Welcome To Action Flix!
                </h1>,
                <h3
                  className="popup-message"
                >
                  Please Log In
                </h3>,
              ],
              "className": "message-container",
            },
            "ref": null,
            "rendered": Array [
              Object {
                "instance": null,
                "key": undefined,
                "nodeType": "host",
                "props": Object {
                  "children": "Welcome To Action Flix!",
                },
                "ref": null,
                "rendered": "Welcome To Action Flix!",
                "type": "h1",
              },
              Object {
                "instance": null,
                "key": undefined,
                "nodeType": "host",
                "props": Object {
                  "children": "Please Log In",
                  "className": "popup-message",
                },
                "ref": null,
                "rendered": "Please Log In",
                "type": "h3",
              },
            ],
            "type": "article",
          },
          Object {
            "instance": null,
            "key": undefined,
            "nodeType": "host",
            "props": Object {
              "children": Array [
                "",
                <input
                  className="email-input"
                  name="email"
                  onChange={[Function]}
                  placeholder="Email address"
                  value=""
                />,
                <input
                  name="password"
                  onChange={[Function]}
                  placeholder="Password"
                  type="password"
                  value=""
                />,
                <button
                  className="submit-sign-up"
                  disabled={true}
                  onClick={[Function]}
                >
                  Sign In
                </button>,
                <button
                  className="signin-toggle"
                  onClick={[Function]}
                >
                  New user? Sign up!
                </button>,
                undefined,
              ],
              "onSubmit": [Function],
            },
            "ref": null,
            "rendered": Array [
              "",
              Object {
                "instance": null,
                "key": undefined,
                "nodeType": "host",
                "props": Object {
                  "className": "email-input",
                  "name": "email",
                  "onChange": [Function],
                  "placeholder": "Email address",
                  "value": "",
                },
                "ref": null,
                "rendered": null,
                "type": "input",
              },
              Object {
                "instance": null,
                "key": undefined,
                "nodeType": "host",
                "props": Object {
                  "name": "password",
                  "onChange": [Function],
                  "placeholder": "Password",
                  "type": "password",
                  "value": "",
                },
                "ref": null,
                "rendered": null,
                "type": "input",
              },
              Object {
                "instance": null,
                "key": undefined,
                "nodeType": "host",
                "props": Object {
                  "children": "Sign In",
                  "className": "submit-sign-up",
                  "disabled": true,
                  "onClick": [Function],
                },
                "ref": null,
                "rendered": "Sign In",
                "type": "button",
              },
              Object {
                "instance": null,
                "key": undefined,
                "nodeType": "host",
                "props": Object {
                  "children": "New user? Sign up!",
                  "className": "signin-toggle",
                  "onClick": [Function],
                },
                "ref": null,
                "rendered": "New user? Sign up!",
                "type": "button",
              },
              undefined,
            ],
            "type": "form",
          },
        ],
        "type": "div",
      },
      Object {
        "instance": null,
        "key": undefined,
        "nodeType": "host",
        "props": Object {
          "children": Array [
            <div
              className="side-page-text"
            >
              <h2
                className="login-page-title"
              >
                Action Flix
              </h2>
              <h3
                className="slogan"
              >
                Everything you need to know in one place.
              </h3>
              <p
                className="description"
              >
                All-inclusive access to action films. Track your favorite movies. Stay up-to-date with new movies.
              </p>
            </div>,
            <div
              className="circles-container"
            >
              <div
                className="circle-five"
              />
              <div
                className="circle-six"
              />
              <div
                className="circle-two"
              />
              <div
                className="circle-one"
              />
              <div
                className="circle-four"
              />
              <div
                className="circle-three"
              />
              <div
                className="large-circle"
              />
            </div>,
          ],
          "className": "login-side-page",
        },
        "ref": null,
        "rendered": Array [
          Object {
            "instance": null,
            "key": undefined,
            "nodeType": "host",
            "props": Object {
              "children": Array [
                <h2
                  className="login-page-title"
                >
                  Action Flix
                </h2>,
                <h3
                  className="slogan"
                >
                  Everything you need to know in one place.
                </h3>,
                <p
                  className="description"
                >
                  All-inclusive access to action films. Track your favorite movies. Stay up-to-date with new movies.
                </p>,
              ],
              "className": "side-page-text",
            },
            "ref": null,
            "rendered": Array [
              Object {
                "instance": null,
                "key": undefined,
                "nodeType": "host",
                "props": Object {
                  "children": "Action Flix",
                  "className": "login-page-title",
                },
                "ref": null,
                "rendered": "Action Flix",
                "type": "h2",
              },
              Object {
                "instance": null,
                "key": undefined,
                "nodeType": "host",
                "props": Object {
                  "children": "Everything you need to know in one place.",
                  "className": "slogan",
                },
                "ref": null,
                "rendered": "Everything you need to know in one place.",
                "type": "h3",
              },
              Object {
                "instance": null,
                "key": undefined,
                "nodeType": "host",
                "props": Object {
                  "children": "All-inclusive access to action films. Track your favorite movies. Stay up-to-date with new movies.",
                  "className": "description",
                },
                "ref": null,
                "rendered": "All-inclusive access to action films. Track your favorite movies. Stay up-to-date with new movies.",
                "type": "p",
              },
            ],
            "type": "div",
          },
          Object {
            "instance": null,
            "key": undefined,
            "nodeType": "host",
            "props": Object {
              "children": Array [
                <div
                  className="circle-five"
                />,
                <div
                  className="circle-six"
                />,
                <div
                  className="circle-two"
                />,
                <div
                  className="circle-one"
                />,
                <div
                  className="circle-four"
                />,
                <div
                  className="circle-three"
                />,
                <div
                  className="large-circle"
                />,
              ],
              "className": "circles-container",
            },
            "ref": null,
            "rendered": Array [
              Object {
                "instance": null,
                "key": undefined,
                "nodeType": "host",
                "props": Object {
                  "className": "circle-five",
                },
                "ref": null,
                "rendered": null,
                "type": "div",
              },
              Object {
                "instance": null,
                "key": undefined,
                "nodeType": "host",
                "props": Object {
                  "className": "circle-six",
                },
                "ref": null,
                "rendered": null,
                "type": "div",
              },
              Object {
                "instance": null,
                "key": undefined,
                "nodeType": "host",
                "props": Object {
                  "className": "circle-two",
                },
                "ref": null,
                "rendered": null,
                "type": "div",
              },
              Object {
                "instance": null,
                "key": undefined,
                "nodeType": "host",
                "props": Object {
                  "className": "circle-one",
                },
                "ref": null,
                "rendered": null,
                "type": "div",
              },
              Object {
                "instance": null,
                "key": undefined,
                "nodeType": "host",
                "props": Object {
                  "className": "circle-four",
                },
                "ref": null,
                "rendered": null,
                "type": "div",
              },
              Object {
                "instance": null,
                "key": undefined,
                "nodeType": "host",
                "props": Object {
                  "className": "circle-three",
                },
                "ref": null,
                "rendered": null,
                "type": "div",
              },
              Object {
                "instance": null,
                "key": undefined,
                "nodeType": "host",
                "props": Object {
                  "className": "large-circle",
                },
                "ref": null,
                "rendered": null,
                "type": "div",
              },
            ],
            "type": "div",
          },
        ],
        "type": "div",
      },
    ],
    "type": "div",
  },
  Symbol(enzyme.__nodes__): Array [
    Object {
      "instance": null,
      "key": undefined,
      "nodeType": "host",
      "props": Object {
        "children": Array [
          <div
            className="inner-container"
          >
            <article
              className="message-container"
            >
              <h1>
                Welcome To Action Flix!
              </h1>
              <h3
                className="popup-message"
              >
                Please Log In
              </h3>
            </article>
            <form
              onSubmit={[Function]}
            >
              
              <input
                className="email-input"
                name="email"
                onChange={[Function]}
                placeholder="Email address"
                value=""
              />
              <input
                name="password"
                onChange={[Function]}
                placeholder="Password"
                type="password"
                value=""
              />
              <button
                className="submit-sign-up"
                disabled={true}
                onClick={[Function]}
              >
                Sign In
              </button>
              <button
                className="signin-toggle"
                onClick={[Function]}
              >
                New user? Sign up!
              </button>
            </form>
          </div>,
          <div
            className="login-side-page"
          >
            <div
              className="side-page-text"
            >
              <h2
                className="login-page-title"
              >
                Action Flix
              </h2>
              <h3
                className="slogan"
              >
                Everything you need to know in one place.
              </h3>
              <p
                className="description"
              >
                All-inclusive access to action films. Track your favorite movies. Stay up-to-date with new movies.
              </p>
            </div>
            <div
              className="circles-container"
            >
              <div
                className="circle-five"
              />
              <div
                className="circle-six"
              />
              <div
                className="circle-two"
              />
              <div
                className="circle-one"
              />
              <div
                className="circle-four"
              />
              <div
                className="circle-three"
              />
              <div
                className="large-circle"
              />
            </div>
          </div>,
        ],
        "className": "form-container",
      },
      "ref": null,
      "rendered": Array [
        Object {
          "instance": null,
          "key": undefined,
          "nodeType": "host",
          "props": Object {
            "children": Array [
              <article
                className="message-container"
              >
                <h1>
                  Welcome To Action Flix!
                </h1>
                <h3
                  className="popup-message"
                >
                  Please Log In
                </h3>
              </article>,
              <form
                onSubmit={[Function]}
              >
                
                <input
                  className="email-input"
                  name="email"
                  onChange={[Function]}
                  placeholder="Email address"
                  value=""
                />
                <input
                  name="password"
                  onChange={[Function]}
                  placeholder="Password"
                  type="password"
                  value=""
                />
                <button
                  className="submit-sign-up"
                  disabled={true}
                  onClick={[Function]}
                >
                  Sign In
                </button>
                <button
                  className="signin-toggle"
                  onClick={[Function]}
                >
                  New user? Sign up!
                </button>
              </form>,
            ],
            "className": "inner-container",
          },
          "ref": null,
          "rendered": Array [
            Object {
              "instance": null,
              "key": undefined,
              "nodeType": "host",
              "props": Object {
                "children": Array [
                  <h1>
                    Welcome To Action Flix!
                  </h1>,
                  <h3
                    className="popup-message"
                  >
                    Please Log In
                  </h3>,
                ],
                "className": "message-container",
              },
              "ref": null,
              "rendered": Array [
                Object {
                  "instance": null,
                  "key": undefined,
                  "nodeType": "host",
                  "props": Object {
                    "children": "Welcome To Action Flix!",
                  },
                  "ref": null,
                  "rendered": "Welcome To Action Flix!",
                  "type": "h1",
                },
                Object {
                  "instance": null,
                  "key": undefined,
                  "nodeType": "host",
                  "props": Object {
                    "children": "Please Log In",
                    "className": "popup-message",
                  },
                  "ref": null,
                  "rendered": "Please Log In",
                  "type": "h3",
                },
              ],
              "type": "article",
            },
            Object {
              "instance": null,
              "key": undefined,
              "nodeType": "host",
              "props": Object {
                "children": Array [
                  "",
                  <input
                    className="email-input"
                    name="email"
                    onChange={[Function]}
                    placeholder="Email address"
                    value=""
                  />,
                  <input
                    name="password"
                    onChange={[Function]}
                    placeholder="Password"
                    type="password"
                    value=""
                  />,
                  <button
                    className="submit-sign-up"
                    disabled={true}
                    onClick={[Function]}
                  >
                    Sign In
                  </button>,
                  <button
                    className="signin-toggle"
                    onClick={[Function]}
                  >
                    New user? Sign up!
                  </button>,
                  undefined,
                ],
                "onSubmit": [Function],
              },
              "ref": null,
              "rendered": Array [
                "",
                Object {
                  "instance": null,
                  "key": undefined,
                  "nodeType": "host",
                  "props": Object {
                    "className": "email-input",
                    "name": "email",
                    "onChange": [Function],
                    "placeholder": "Email address",
                    "value": "",
                  },
                  "ref": null,
                  "rendered": null,
                  "type": "input",
                },
                Object {
                  "instance": null,
                  "key": undefined,
                  "nodeType": "host",
                  "props": Object {
                    "name": "password",
                    "onChange": [Function],
                    "placeholder": "Password",
                    "type": "password",
                    "value": "",
                  },
                  "ref": null,
                  "rendered": null,
                  "type": "input",
                },
                Object {
                  "instance": null,
                  "key": undefined,
                  "nodeType": "host",
                  "props": Object {
                    "children": "Sign In",
                    "className": "submit-sign-up",
                    "disabled": true,
                    "onClick": [Function],
                  },
                  "ref": null,
                  "rendered": "Sign In",
                  "type": "button",
                },
                Object {
                  "instance": null,
                  "key": undefined,
                  "nodeType": "host",
                  "props": Object {
                    "children": "New user? Sign up!",
                    "className": "signin-toggle",
                    "onClick": [Function],
                  },
                  "ref": null,
                  "rendered": "New user? Sign up!",
                  "type": "button",
                },
                undefined,
              ],
              "type": "form",
            },
          ],
          "type": "div",
        },
        Object {
          "instance": null,
          "key": undefined,
          "nodeType": "host",
          "props": Object {
            "children": Array [
              <div
                className="side-page-text"
              >
                <h2
                  className="login-page-title"
                >
                  Action Flix
                </h2>
                <h3
                  className="slogan"
                >
                  Everything you need to know in one place.
                </h3>
                <p
                  className="description"
                >
                  All-inclusive access to action films. Track your favorite movies. Stay up-to-date with new movies.
                </p>
              </div>,
              <div
                className="circles-container"
              >
                <div
                  className="circle-five"
                />
                <div
                  className="circle-six"
                />
                <div
                  className="circle-two"
                />
                <div
                  className="circle-one"
                />
                <div
                  className="circle-four"
                />
                <div
                  className="circle-three"
                />
                <div
                  className="large-circle"
                />
              </div>,
            ],
            "className": "login-side-page",
          },
          "ref": null,
          "rendered": Array [
            Object {
              "instance": null,
              "key": undefined,
              "nodeType": "host",
              "props": Object {
                "children": Array [
                  <h2
                    className="login-page-title"
                  >
                    Action Flix
                  </h2>,
                  <h3
                    className="slogan"
                  >
                    Everything you need to know in one place.
                  </h3>,
                  <p
                    className="description"
                  >
                    All-inclusive access to action films. Track your favorite movies. Stay up-to-date with new movies.
                  </p>,
                ],
                "className": "side-page-text",
              },
              "ref": null,
              "rendered": Array [
                Object {
                  "instance": null,
                  "key": undefined,
                  "nodeType": "host",
                  "props": Object {
                    "children": "Action Flix",
                    "className": "login-page-title",
                  },
                  "ref": null,
                  "rendered": "Action Flix",
                  "type": "h2",
                },
                Object {
                  "instance": null,
                  "key": undefined,
                  "nodeType": "host",
                  "props": Object {
                    "children": "Everything you need to know in one place.",
                    "className": "slogan",
                  },
                  "ref": null,
                  "rendered": "Everything you need to know in one place.",
                  "type": "h3",
                },
                Object {
                  "instance": null,
                  "key": undefined,
                  "nodeType": "host",
                  "props": Object {
                    "children": "All-inclusive access to action films. Track your favorite movies. Stay up-to-date with new movies.",
                    "className": "description",
                  },
                  "ref": null,
                  "rendered": "All-inclusive access to action films. Track your favorite movies. Stay up-to-date with new movies.",
                  "type": "p",
                },
              ],
              "type": "div",
            },
            Object {
              "instance": null,
              "key": undefined,
              "nodeType": "host",
              "props": Object {
                "children": Array [
                  <div
                    className="circle-five"
                  />,
                  <div
                    className="circle-six"
                  />,
                  <div
                    className="circle-two"
                  />,
                  <div
                    className="circle-one"
                  />,
                  <div
                    className="circle-four"
                  />,
                  <div
                    className="circle-three"
                  />,
                  <div
                    className="large-circle"
                  />,
                ],
                "className": "circles-container",
              },
              "ref": null,
              "rendered": Array [
                Object {
                  "instance": null,
                  "key": undefined,
                  "nodeType": "host",
                  "props": Object {
                    "className": "circle-five",
                  },
                  "ref": null,
                  "rendered": null,
                  "type": "div",
                },
                Object {
                  "instance": null,
                  "key": undefined,
                  "nodeType": "host",
                  "props": Object {
                    "className": "circle-six",
                  },
                  "ref": null,
                  "rendered": null,
                  "type": "div",
                },
                Object {
                  "instance": null,
                  "key": undefined,
                  "nodeType": "host",
                  "props": Object {
                    "className": "circle-two",
                  },
                  "ref": null,
                  "rendered": null,
                  "type": "div",
                },
                Object {
                  "instance": null,
                  "key": undefined,
                  "nodeType": "host",
                  "props": Object {
                    "className": "circle-one",
                  },
                  "ref": null,
                  "rendered": null,
                  "type": "div",
                },
                Object {
                  "instance": null,
                  "key": undefined,
                  "nodeType": "host",
                  "props": Object {
                    "className": "circle-four",
                  },
                  "ref": null,
                  "rendered": null,
                  "type": "div",
                },
                Object {
                  "instance": null,
                  "key": undefined,
                  "nodeType": "host",
                  "props": Object {
                    "className": "circle-three",
                  },
                  "ref": null,
                  "rendered": null,
                  "type": "div",
                },
                Object {
                  "instance": null,
                  "key": undefined,
                  "nodeType": "host",
                  "props": Object {
                    "className": "large-circle",
                  },
                  "ref": null,
                  "rendered": null,
                  "type": "div",
                },
              ],
              "type": "div",
            },
          ],
          "type": "div",
        },
      ],
      "type": "div",
    },
  ],
  Symbol(enzyme.__options__): Object {
    "adapter": ReactSixteenAdapter {
      "options": Object {
        "enableComponentDidUpdateOnSetState": true,
        "lifecycles": Object {
          "componentDidUpdate": Object {
            "onSetState": true,
          },
          "getDerivedStateFromProps": true,
          "getSnapshotBeforeUpdate": true,
          "setState": Object {
            "skipsComponentDidUpdateOnNullish": true,
          },
        },
      },
    },
  },
}
`;
